// Jest Snapshot v1, https://goo.gl/fbAQLP

exports[`Dictionary component renders correctly 1`] = `
<div
  className="container"
>
  <h1>
    Dictionary App
  </h1>
  <form
    onSubmit={[Function]}
  >
    <input
      onChange={[Function]}
      placeholder="Enter a word"
      type="text"
      value=""
    />
    <button
      type="submit"
    >
      Get Definition
    </button>
  </form>
</div>
`;
